Running Gradle task 'assembleDebug'...                          
flutter : 
At line:1 char:1
+ flutter build apk --debug > 
build_output.txt 2>&1
+ ~~~~~~~~~~~~~~~~~~~~~~~~~~~~~~~~~~~~~~~~
~~~~~~~~~
    + CategoryInfo          : NotSpecifie 
   d: (:String) [], RemoteException
    + FullyQualifiedErrorId : NativeComma 
   ndError
 
FAILURE: Build failed with an exception.

* What went wrong:
Execution failed for task 
':app:checkDebugAarMetadata'.
> A failure occurred while executing com.a
ndroid.build.gradle.internal.tasks.CheckAa
rMetadataWorkAction
   > An issue was found when checking AAR 
metadata:

       1.  Dependency 
':flutter_local_notifications' requires 
core library desugaring to be enabled
           for :app.

           See https://developer.android.c
om/studio/write/java8-support.html for 
more
           details.

* Try:
> Run with --stacktrace option to get the 
stack trace.
> Run with --info or --debug option to 
get more log output.
> Run with --scan to get full insights.
> Get more help at 
https://help.gradle.org.

BUILD FAILED in 24s
Running Gradle task 'assembleDebug'...                             24.6s
Gradle task assembleDebug failed with 
exit code 1
